// Jest Snapshot v1, https://goo.gl/fbAQLP

exports[`match snapshot 1`] = `
Array [
  <div
    className="myHeader"
  >
    <img
      alt=" "
      id="img-logo"
      src="logo.webp"
    />
    <i
      className="fas fa-bars"
      id="menu"
    />
  </div>,
  <section>
    <form
      className="form-container"
      data-testid="my-form"
      onSubmit={[Function]}
    >
      <div
        className="col1"
      >
        <div
          className="namefield"
        >
          <label>
            Your name
          </label>
          <input
            data-testid="input-test"
            name="yourname"
            onBlur={[Function]}
            onChange={[Function]}
            placeholder="Enter your issue"
            type="text"
            value=""
          />
        </div>
        <div
          className="selectfield"
        >
          <label>
            Select
          </label>
          <select
            name="typedrive"
            onBlur={[Function]}
            onChange={[Function]}
            value="Rider"
          >
            <option
              value="Rider"
            >
              Rider
            </option>
            <option
              value="Driver"
            >
              Driver
            </option>
          </select>
        </div>
      </div>
      <div
        className="col2"
      >
        <div
          className="messagefield"
        >
          <label>
            Message
          </label>
          <textarea
            name="message"
            onBlur={[Function]}
            onChange={[Function]}
            placeholder="Enter your message"
            value=""
          />
        </div>
      </div>
      <button
        className="formButton"
      >
        <i
          className="fa fa-arrow-right"
        />
      </button>
    </form>
  </section>,
  <div
    className="foot-container"
  >
    <hr />
    <div
      className="myFooter"
    >
      <div
        className="content"
      >
        <p>
          Â© 2019 Technologies Inc. All Rights Reserved
          <br />
           Term of use   |   Local Notices   |   Privacy & Security
        </p>
      </div>
      <div
        className="social-icon"
      >
        <a
          className="fa fa-facebook"
          href=" "
        />
        <a
          className="fa fa-linkedin"
          href=" "
        />
        <a
          className="fa fa-youtube"
          href=" "
        />
      </div>
    </div>
  </div>,
]
`;
